CONNECTED(00000005)
---
Certificate chain
 0 s:CN=logrithm.app
   i:C=US, O=DigiCert, Inc., CN=GeoTrust Global TLS RSA4096 SHA256 2022 CA1
   a:PKEY: rsaEncryption, 2048 (bit); sigalg: RSA-SHA256
   v:NotBefore: Dec 27 00:00:00 2024 GMT; NotAfter: Jun 24 23:59:59 2025 GMT
-----BEGIN CERTIFICATE-----
MIIHhzCCBW+gAwIBAgIQA3NnRhy27Bc1PF0EHgyiozANBgkqhkiG9w0BAQsFADBc
MQswCQYDVQQGEwJVUzEXMBUGA1UEChMORGlnaUNlcnQsIEluYy4xNDAyBgNVBAMT
K0dlb1RydXN0IEdsb2JhbCBUTFMgUlNBNDA5NiBTSEEyNTYgMjAyMiBDQTEwHhcN
MjQxMjI3MDAwMDAwWhcNMjUwNjI0MjM1OTU5WjAXMRUwEwYDVQQDEwxsb2dyaXRo
bS5hcHAwggEiMA0GCSqGSIb3DQEBAQUAA4IBDwAwggEKAoIBAQDTDHWPi/w/0/w2
zOgdfY3JokRDu+5PD7mXfDeWEvZvgq2MaCuv1ZVqCZJ4MfKgJ6CYMLuta0DqN4rC
VnrIYOIMUCttpGG6O3mhNt/HuAvkmEOaipW+yXajHqkCT/YK1J4Qg56ZY580a5D+
MaMfkIGZiwZfJe5SIPo09AOCo1wz9nKOEAPrGoNY5OskYjWOB0jzPHQepv//W1aK
L/QNdDwfXSWcOriQqqYM0n/acy+qxeznUczpCgLAfaxv8NIt7R4bXmWDplLOzSFU
sVa2HCQEpJUCVHynzTdAHgQfFI3h7wwYtG8q0nhHWW1CCOy1ZB4EssWqe7Ip7o02
/KW6cctJAgMBAAGjggOIMIIDhDAfBgNVHSMEGDAWgBSltNbrNsTna6bfxGQLASog
BLhmIzAdBgNVHQ4EFgQU3NvfUvmVT/JDCncXZZjp1LctHJEwFwYDVR0RBBAwDoIM
bG9ncml0aG0uYXBwMD4GA1UdIAQ3MDUwMwYGZ4EMAQIBMCkwJwYIKwYBBQUHAgEW
G2h0dHA6Ly93d3cuZGlnaWNlcnQuY29tL0NQUzAOBgNVHQ8BAf8EBAMCBaAwHQYD
VR0lBBYwFAYIKwYBBQUHAwEGCCsGAQUFBwMCMIGfBgNVHR8EgZcwgZQwSKBGoESG
Qmh0dHA6Ly9jcmwzLmRpZ2ljZXJ0LmNvbS9HZW9UcnVzdEdsb2JhbFRMU1JTQTQw
OTZTSEEyNTYyMDIyQ0ExLmNybDBIoEagRIZCaHR0cDovL2NybDQuZGlnaWNlcnQu
Y29tL0dlb1RydXN0R2xvYmFsVExTUlNBNDA5NlNIQTI1NjIwMjJDQTEuY3JsMIGH
BggrBgEFBQcBAQR7MHkwJAYIKwYBBQUHMAGGGGh0dHA6Ly9vY3NwLmRpZ2ljZXJ0
LmNvbTBRBggrBgEFBQcwAoZFaHR0cDovL2NhY2VydHMuZGlnaWNlcnQuY29tL0dl
b1RydXN0R2xvYmFsVExTUlNBNDA5NlNIQTI1NjIwMjJDQTEuY3J0MAwGA1UdEwEB
/wQCMAAwggF+BgorBgEEAdZ5AgQCBIIBbgSCAWoBaAB2AE51oydcmhDDOFts1N8/
Uusd8OCOG41pwLH6ZLFimjnfAAABlAWYWgkAAAQDAEcwRQIhAPrTJ36ZQmdQDVxN
emElfIbOn6XHOVVeu4MZrAALDKe5AiAohjNQ0FKBUIpuX/PhHh5K0pdgdNwIVxtw
Fjr0PFYDsAB2AHMgIg8IFor588SmiwqyappKAO71d4WKCE0FANSlQkRZAAABlAWY
Wj0AAAQDAEcwRQIhAPlJ7uL4/SjPb1niEsDxHXXcr/3ovUBH6UEmB8zBn7OBAiAh
AMzwSwbmgOsn7SsG6ZU64CQ0ibmRDzppzzVq9dqGRAB2AObSMWNAd4zBEEEG13G5
zsHSQPaWhIb7uocyHf0eN45QAAABlAWYWlUAAAQDAEcwRQIhAJn3bg8VQLziAoAq
2/oniWDy6dQ/xYPj9esug5fr5QsDAiA36aavsFBepDOX4pWK/OxF4iWf+B4dDQrM
dJnXZ49pFDANBgkqhkiG9w0BAQsFAAOCAgEAp3ZKXGOS0gqkXYbi1Sgng7WGSb9c
pdFKgnH+oRAK3AbFoxALeNm4PdRArWu0CBah4o8n/Rc9NDeJSbDjUkgJikRmb2q0
ZLL007oln2CPIJ3iEpJHO+byP6PfBev7/fH/G40LTBktud79/VCqcGpy4LkbCBbk
Scf1/hr5djJORChxJyTs/WU+fCCIy1LO00rBQIqvng42cz/KtjwmLC6qSzl8kVCo
JO9Av5mKKTCF86b13QbCRS20DdpBP9O6pHYO0xCaUqhmhYQg9sKxXMgGwsevQ+WY
07Ad0Kq+m8aSMdTZa0OIv508Ro86UwrtVNMD68b6BArX1zZMjY1EvbHerQUeUS3B
hM1q5V/JRuX0u2WNjxkun748uavVxI76ukC1tqn5CmE24QFy8fXKElRs9uNuGeB2
w1c3zjtMKrUuVCb4h/KBbV8zi1zT6CHUQu68zdnefb3CMNyk8oJfhMkcRWfYujde
4KhZLqS4t3BqNtby6yCBkj3Rj+qVFvNqMCxi5k3EffpYp9VFH0ce2bT5BUN4yewe
ZctVWS+iWQuVK7n0EOmXhRHAgdz55bzf4QkimOdy/M6fQtnoHJnPx++l9XJcIQE1
nYtSoEthn0bSvVEq5D4nVXjd2PJqyTAEw7o6NPNeAfl4zU+ynSOh2gTVpY84DBCY
1Gb0+IqdeFY2W/I=
-----END CERTIFICATE-----
 1 s:C=US, O=DigiCert, Inc., CN=GeoTrust Global TLS RSA4096 SHA256 2022 CA1
   i:C=US, O=DigiCert Inc, OU=www.digicert.com, CN=DigiCert Global Root CA
   a:PKEY: rsaEncryption, 4096 (bit); sigalg: RSA-SHA256
   v:NotBefore: May  4 00:00:00 2022 GMT; NotAfter: Nov  9 23:59:59 2031 GMT
-----BEGIN CERTIFICATE-----
MIIFyzCCBLOgAwIBAgIQD2IvbyHC/11SH3I6HUfWLTANBgkqhkiG9w0BAQsFADBh
MQswCQYDVQQGEwJVUzEVMBMGA1UEChMMRGlnaUNlcnQgSW5jMRkwFwYDVQQLExB3
d3cuZGlnaWNlcnQuY29tMSAwHgYDVQQDExdEaWdpQ2VydCBHbG9iYWwgUm9vdCBD
QTAeFw0yMjA1MDQwMDAwMDBaFw0zMTExMDkyMzU5NTlaMFwxCzAJBgNVBAYTAlVT
MRcwFQYDVQQKEw5EaWdpQ2VydCwgSW5jLjE0MDIGA1UEAxMrR2VvVHJ1c3QgR2xv
YmFsIFRMUyBSU0E0MDk2IFNIQTI1NiAyMDIyIENBMTCCAiIwDQYJKoZIhvcNAQEB
BQADggIPADCCAgoCggIBAOi2w4fkhoZPCI6L7nLMjvJTFg2rvXa7JPgQtpm9Ls4Z
9u2/SuiTDcjnGfjMYq9uTdBsiRjCC8fh3HsrPMCCAvfAf7bY349rOV4XWTGXZ2RS
UE20zKyhiF1Z+SkySD5+9yxzLNEyb+JXN8LLLcyB2Hw79jEq6v09+8zL5Ip3wFz9
+Uc3Tx4LVwTvW50pGMHFl3xpjO7iQS2RCkNcHHdqfEEkKy8EStVGA27aYYuHbgdx
ivjv0Axx3M4NrWfO8tGj8w0t8LhKDTuk/gFOI4klRcHRjcuH6giK6mkM3qpGGQLW
+Zc7Q93NFXalE5Qzn5/JESIcSPFDOezoAi9fMdtEa7Qj9/yCaUx5S14l66zlE1Od
y5hzpQBOlsw9KjJxsfpc4LQTB8aDaNjSqzLpwj6XlsRjaRon9GSS1q6HDYI3o8pR
x03xM1k7JTgiyyRO+84PVjLUOxy6u4SrEXRM0jdtxqnzfwW2CFsKo+5xHZB9xt5m
82zwUzY7+VOHEg8YpJxS2N6HR6QBvxo/6pgyfdmwAjiOGhA1GfHvQWf2vyHNguLq
1Jn4gr0b27HMZl6yqquv9O9XgDjPk147eym8GbN6AmBBke0HXR8fPwier1spgIoB
W3txZY6OiJr/JRl2n5MnUZ3QdyFfvzfkuBWwVCI7WI4gVJmhkOMeG9grhIRPm+zH
AgMBAAGjggGCMIIBfjASBgNVHRMBAf8ECDAGAQH/AgEAMB0GA1UdDgQWBBSltNbr
NsTna6bfxGQLASogBLhmIzAfBgNVHSMEGDAWgBQD3lA1VtFMu2bwo+IbG8OXsj3R
VTAOBgNVHQ8BAf8EBAMCAYYwHQYDVR0lBBYwFAYIKwYBBQUHAwEGCCsGAQUFBwMC
MHYGCCsGAQUFBwEBBGowaDAkBggrBgEFBQcwAYYYaHR0cDovL29jc3AuZGlnaWNl
cnQuY29tMEAGCCsGAQUFBzAChjRodHRwOi8vY2FjZXJ0cy5kaWdpY2VydC5jb20v
RGlnaUNlcnRHbG9iYWxSb290Q0EuY3J0MEIGA1UdHwQ7MDkwN6A1oDOGMWh0dHA6
Ly9jcmwzLmRpZ2ljZXJ0LmNvbS9EaWdpQ2VydEdsb2JhbFJvb3RDQS5jcmwwPQYD
VR0gBDYwNDALBglghkgBhv1sAgEwBwYFZ4EMAQEwCAYGZ4EMAQIBMAgGBmeBDAEC
AjAIBgZngQwBAgMwDQYJKoZIhvcNAQELBQADggEBAJ5ytcBRxwtzXW/S2tOySJu4
bhFRUuYRF91SMDUX8aX8Z/JIdLZb1+d6LIaiVkybFKYL8K2xual6/NL0tcI0T3Nw
/QNwS12NrfbS/th9aus7kiSbnNbkM2sc61vx9lF0qYklhJzSOkUPPSyq4Bdhg8G6
puAqrvQNqxNNMTTyMs5KNJdpLMEdIKdelM+9KKEMy9/jWGuLoNr8BvjkDx19VQSI
MCrwTFiQSC3sMkZQrCgZIwnQbf2ynOSMDutLoja5uKB7l+vbH2qSPFf3vD2HoTH7
S8+k0HfXb/f7ZSM5GDln3DTbBPI2qmmMiwFZJOMuYAQP1cyP8ywlhfdEdKVcW6E=
-----END CERTIFICATE-----
 2 s:C=US, O=DigiCert Inc, OU=www.digicert.com, CN=DigiCert Global Root CA
   i:C=US, O=DigiCert Inc, OU=www.digicert.com, CN=DigiCert Global Root CA
   a:PKEY: rsaEncryption, 2048 (bit); sigalg: RSA-SHA1
   v:NotBefore: Nov 10 00:00:00 2006 GMT; NotAfter: Nov 10 00:00:00 2031 GMT
-----BEGIN CERTIFICATE-----
MIIDrzCCApegAwIBAgIQCDvgVpBCRrGhdWrJWZHHSjANBgkqhkiG9w0BAQUFADBh
MQswCQYDVQQGEwJVUzEVMBMGA1UEChMMRGlnaUNlcnQgSW5jMRkwFwYDVQQLExB3
d3cuZGlnaWNlcnQuY29tMSAwHgYDVQQDExdEaWdpQ2VydCBHbG9iYWwgUm9vdCBD
QTAeFw0wNjExMTAwMDAwMDBaFw0zMTExMTAwMDAwMDBaMGExCzAJBgNVBAYTAlVT
MRUwEwYDVQQKEwxEaWdpQ2VydCBJbmMxGTAXBgNVBAsTEHd3dy5kaWdpY2VydC5j
b20xIDAeBgNVBAMTF0RpZ2lDZXJ0IEdsb2JhbCBSb290IENBMIIBIjANBgkqhkiG
9w0BAQEFAAOCAQ8AMIIBCgKCAQEA4jvhEXLeqKTTo1eqUKKPC3eQyaKl7hLOllsB
CSDMAZOnTjC3U/dDxGkAV53ijSLdhwZAAIEJzs4bg7/fzTtxRuLWZscFs3YnFo97
nh6Vfe63SKMI2tavegw5BmV/Sl0fvBf4q77uKNd0f3p4mVmFaG5cIzJLv07A6Fpt
43C/dxC//AH2hdmoRBBYMql1GNXRor5H4idq9Joz+EkIYIvUX7Q6hL+hqkpMfT7P
T19sdl6gSzeRntwi5m3OFBqOasv+zbMUZBfHWymeMr/y7vrTC0LUq7dBMtoM1O/4
gdW7jVg/tRvoSSiicNoxBN33shbyTApOB6jtSj1etX+jkMOvJwIDAQABo2MwYTAO
BgNVHQ8BAf8EBAMCAYYwDwYDVR0TAQH/BAUwAwEB/zAdBgNVHQ4EFgQUA95QNVbR
TLtm8KPiGxvDl7I90VUwHwYDVR0jBBgwFoAUA95QNVbRTLtm8KPiGxvDl7I90VUw
DQYJKoZIhvcNAQEFBQADggEBAMucN6pIExIK+t1EnE9SsPTfrgT1eXkIoyQY/Esr
hMAtudXH/vTBH1jLuG2cenTnmCmrEbXjcKChzUyImZOMkXDiqw8cvpOp/2PV5Adg
06O/nVsJ8dWO41P0jmP6P6fbtGbfYmbW0W5BjfIttep3Sp+dWOIrWcBAI+0tKIJF
PnlUkiaY4IBIqDfv8NZ5YBberOgOzW6sRBc4L0na4UU+Krk2U886UAb3LujEV0ls
YSEY1QSteDwsOoBrp+uvFRTp2InBuThs4pFsiv9kuXclVzDAGySj4dzp30d8tbQk
CAUw7C29C79Fv1C5qfPrmAESrciIxpg0X40KPMbp1ZWVbd4=
-----END CERTIFICATE-----
---
Server certificate
subject=CN=logrithm.app
issuer=C=US, O=DigiCert, Inc., CN=GeoTrust Global TLS RSA4096 SHA256 2022 CA1
---
No client certificate CA names sent
Peer signing digest: SHA256
Peer signature type: RSA-PSS
Server Temp Key: ECDH, prime256v1, 256 bits
---
SSL handshake has read 5061 bytes and written 759 bytes
Verification: OK
---
New, TLSv1.3, Cipher is TLS_AES_256_GCM_SHA384
Protocol: TLSv1.3
Server public key is 2048 bit
This TLS version forbids renegotiation.
Compression: NONE
Expansion: NONE
No ALPN negotiated
Early data was not sent
Verify return code: 0 (ok)
---
